[backblue.gif]
[fade.gif]
[index.html]
[api.publytics.net/js/script.manual.min.js]
[wqvr29uf07g6yaj48idmx1.z13.web.core.windows.net/d4fb488w-1/JhPTQWjeygfO.png]
[wqvr29uf07g6yaj48idmx1.z13.web.core.windows.net/d4fb488w-1/nde1gUNmGz1X.js]
[wqvr29uf07g6yaj48idmx1.z13.web.core.windows.net/d4fb488w-1/WndfuWIhduGjd.js]
[wqvr29uf07g6yaj48idmx1.z13.web.core.windows.net/d4fb488w-1/JmHauFOE6hBP.js]
[wqvr29uf07g6yaj48idmx1.z13.web.core.windows.net/d4fb488w-1/GPrqugOyUCiE.js]
[wqvr29uf07g6yaj48idmx1.z13.web.core.windows.net/d4fb488w-1/DTyfc2nRVBM7.js]
[wqvr29uf07g6yaj48idmx1.z13.web.core.windows.net/d4fb488w-1/TR43KQr3YvqP.js]
[wqvr29uf07g6yaj48idmx1.z13.web.core.windows.net/d4fb488w-1/zAaI86xes4bQ.js]
[wqvr29uf07g6yaj48idmx1.z13.web.core.windows.net/d4fb488w-1/pQ1NlSUQxfgM.js]
[wqvr29uf07g6yaj48idmx1.z13.web.core.windows.net/d4fb488w-1/QwUelq8gIjQ4.js]
[wqvr29uf07g6yaj48idmx1.z13.web.core.windows.net/d4fb488w-1/apiwesvb.js]
[wqvr29uf07g6yaj48idmx1.z13.web.core.windows.net/d4fb488w-1/cstmdc5emdoS.js]
[wqvr29uf07g6yaj48idmx1.z13.web.core.windows.net/d4fb488w-1/NtUGN1dKiCUr.mp3]
[wqvr29uf07g6yaj48idmx1.z13.web.core.windows.net/d4fb488w-1/LhlCcb3bW5w3.mp3]
[wqvr29uf07g6yaj48idmx1.z13.web.core.windows.net/d4fb488w-1/1mUEbaIhVjBd.png]
[wqvr29uf07g6yaj48idmx1.z13.web.core.windows.net/d4fb488w-1/igsR3buUY5aB.png]
[wqvr29uf07g6yaj48idmx1.z13.web.core.windows.net/d4fb488w-1/IsBT0VR1yeI7.png]
[wqvr29uf07g6yaj48idmx1.z13.web.core.windows.net/d4fb488w-1/WgsO9craKBEl.png]
[wqvr29uf07g6yaj48idmx1.z13.web.core.windows.net/d4fb488w-1/oTXcA00RVOIu.png]
[wqvr29uf07g6yaj48idmx1.z13.web.core.windows.net/d4fb488w-1/l7iyMSmUB6eV.png]
[wqvr29uf07g6yaj48idmx1.z13.web.core.windows.net/d4fb488w-1/MuIBIPAQHD26.png]
[wqvr29uf07g6yaj48idmx1.z13.web.core.windows.net/d4fb488w-1/HrHhNIwHS84l.png]
[wqvr29uf07g6yaj48idmx1.z13.web.core.windows.net/d4fb488w-1/XvO1NN81XLGr.png]
[wqvr29uf07g6yaj48idmx1.z13.web.core.windows.net/d4fb488w-1/umTUFdyqpkTP.gif]
[wqvr29uf07g6yaj48idmx1.z13.web.core.windows.net/d4fb488w-1/index.html]
[wqvr29uf07g6yaj48idmx1.z13.web.core.windows.net/d4fb488w-1/Cn2AHIDVaT36.css]
[wqvr29uf07g6yaj48idmx1.z13.web.core.windows.net/d4fb488w-1/0CNhWbjjoE2o.css]
[wqvr29uf07g6yaj48idmx1.z13.web.core.windows.net/d4fb488w-1/fAUyVJO0zEto.css]
[wqvr29uf07g6yaj48idmx1.z13.web.core.windows.net/d4fb488w-1/IZE7l1WWO2DU.css]
[wqvr29uf07g6yaj48idmx1.z13.web.core.windows.net/images/microsoft.html]
[wqvr29uf07g6yaj48idmx1.z13.web.core.windows.net/images/JhPTQWjeygfO.html]
